../Core/Src/main.c:63:5:_write	24	static
../Core/Src/main.c:69:6:lcd_send_cmd	32	static
../Core/Src/main.c:85:6:lcd_send_data	32	static
../Core/Src/main.c:101:6:lcd_init	8	static
../Core/Src/main.c:113:6:lcd_send_string	16	static
../Core/Src/main.c:125:5:main	8	static
../Core/Src/main.c:187:6:SystemClock_Config	88	static
../Core/Src/main.c:234:13:MX_I2C1_Init	8	static
../Core/Src/main.c:268:13:MX_USART2_UART_Init	8	static
../Core/Src/main.c:301:13:MX_GPIO_Init	48	static
../Core/Src/main.c:341:6:Error_Handler	4	static,ignoring_inline_asm
