2026-02-18 12:27:09,503 [INFO] Activator:176 - 


2026-02-18 12:27:09,511 [INFO] Activator:177 - !SESSION log4j initialized
2026-02-18 12:27:15,348 [INFO] LogOutputStream:77 - [STDOUT_REDIRECT] 
2026-02-18 12:27:19,173 [INFO] ApplicationProperties:184 - Using Application install path: C:\ST\STM32CubeIDE_1.17.0\STM32CubeIDE\plugins\com.st.stm32cube.common.mx_6.13.0.202411220809
2026-02-18 12:27:19,191 [INFO] DbMcusXml:78 - Set database path to: C:\ST\STM32CubeIDE_1.17.0\STM32CubeIDE\plugins\com.st.stm32cube.common.mx_6.13.0.202411220809\\db\/mcu/
2026-02-18 12:27:19,192 [INFO] ApiDb:274 - Set plugin database path to: C:\ST\STM32CubeIDE_1.17.0\STM32CubeIDE\plugins\com.st.stm32cube.common.mx_6.13.0.202411220809\\db\/plugins/boardmanager/
2026-02-18 12:27:19,192 [WARN] ApiDb:259 - Overriding images path with different value:  => C:\ST\STM32CubeIDE_1.17.0\STM32CubeIDE\plugins\com.st.stm32cube.common.mx_6.13.0.202411220809\\db\/plugins/mcufinder/images/
2026-02-18 12:27:19,226 [INFO] ApiDb:250 - Set database path to: C:\Users\Admin\.stmcufinder\plugins\mcufinder//mcu/
2026-02-18 12:27:19,228 [INFO] DbMcusAds:125 - Set database path to: C:\Users\Admin\.stmcufinder\plugins\mcufinder//mcu/
2026-02-18 12:27:19,232 [INFO] CrossReferenceDbSqlite:203 - Set database path to: C:\Users\Admin\.stmcufinder\plugins\mcufinder//mcu/cs/
2026-02-18 12:27:19,364 [INFO] RulesReader:64 - Compatibility file has been processed (297 Rules)
2026-02-18 12:27:19,454 [INFO] DbMcusXml:78 - Set database path to: C:\ST\STM32CubeIDE_1.17.0\STM32CubeIDE\plugins\com.st.stm32cube.common.mx_6.13.0.202411220809\\db\/mcu/
2026-02-18 12:27:19,454 [INFO] ApiDb:274 - Set plugin database path to: C:\ST\STM32CubeIDE_1.17.0\STM32CubeIDE\plugins\com.st.stm32cube.common.mx_6.13.0.202411220809\\db\/plugins/boardmanager/
2026-02-18 12:27:19,454 [INFO] ApiDb:261 - Set plugin images path to: C:\ST\STM32CubeIDE_1.17.0\STM32CubeIDE\plugins\com.st.stm32cube.common.mx_6.13.0.202411220809\\db\/plugins/mcufinder/images/
2026-02-18 12:27:19,454 [WARN] DbFile:41 - Overriding database path with different value: C:\Users\Admin\.stmcufinder\plugins\mcufinder/ => C:\Users\Admin\.stmcufinder\plugins\mcufinder
2026-02-18 12:27:19,455 [INFO] ApiDb:250 - Set database path to: C:\Users\Admin\.stmcufinder\plugins\mcufinder//mcu/
2026-02-18 12:27:19,455 [WARN] DbFile:41 - Overriding database path with different value: C:\Users\Admin\.stmcufinder\plugins\mcufinder/ => C:\Users\Admin\.stmcufinder\plugins\mcufinder
2026-02-18 12:27:19,455 [INFO] DbMcusAds:125 - Set database path to: C:\Users\Admin\.stmcufinder\plugins\mcufinder//mcu/
2026-02-18 12:27:19,455 [WARN] DbFile:41 - Overriding database path with different value: C:\Users\Admin\.stmcufinder\plugins\mcufinder/ => C:\Users\Admin\.stmcufinder\plugins\mcufinder
2026-02-18 12:27:19,455 [WARN] DbFile:41 - Overriding database path with different value: C:\Users\Admin\.stmcufinder\plugins\mcufinder/ => C:\Users\Admin\.stmcufinder\plugins\mcufinder
2026-02-18 12:27:19,455 [INFO] CrossReferenceDbSqlite:203 - Set database path to: C:\Users\Admin\.stmcufinder\plugins\mcufinder//mcu/cs/
2026-02-18 12:27:19,563 [INFO] MainPanel:272 - HeapMemory: 268435456
2026-02-18 12:27:19,688 [INFO] DbMcusXml:78 - Set database path to: C:\ST\STM32CubeIDE_1.17.0\STM32CubeIDE\plugins\com.st.stm32cube.common.mx_6.13.0.202411220809\\db\/mcu/
2026-02-18 12:27:19,688 [INFO] ApiDb:274 - Set plugin database path to: C:\ST\STM32CubeIDE_1.17.0\STM32CubeIDE\plugins\com.st.stm32cube.common.mx_6.13.0.202411220809\\db\/plugins/boardmanager/
2026-02-18 12:27:19,688 [INFO] ApiDb:261 - Set plugin images path to: C:\ST\STM32CubeIDE_1.17.0\STM32CubeIDE\plugins\com.st.stm32cube.common.mx_6.13.0.202411220809\\db\/plugins/mcufinder/images/
2026-02-18 12:27:19,688 [WARN] DbFile:41 - Overriding database path with different value: C:\Users\Admin\.stmcufinder\plugins\mcufinder/ => C:\Users\Admin\.stmcufinder\plugins\mcufinder
2026-02-18 12:27:19,688 [INFO] ApiDb:250 - Set database path to: C:\Users\Admin\.stmcufinder\plugins\mcufinder//mcu/
2026-02-18 12:27:19,688 [WARN] DbFile:41 - Overriding database path with different value: C:\Users\Admin\.stmcufinder\plugins\mcufinder/ => C:\Users\Admin\.stmcufinder\plugins\mcufinder
2026-02-18 12:27:19,688 [INFO] DbMcusAds:125 - Set database path to: C:\Users\Admin\.stmcufinder\plugins\mcufinder//mcu/
2026-02-18 12:27:19,688 [WARN] DbFile:41 - Overriding database path with different value: C:\Users\Admin\.stmcufinder\plugins\mcufinder/ => C:\Users\Admin\.stmcufinder\plugins\mcufinder
2026-02-18 12:27:19,688 [WARN] DbFile:41 - Overriding database path with different value: C:\Users\Admin\.stmcufinder\plugins\mcufinder/ => C:\Users\Admin\.stmcufinder\plugins\mcufinder
2026-02-18 12:27:19,689 [INFO] CrossReferenceDbSqlite:203 - Set database path to: C:\Users\Admin\.stmcufinder\plugins\mcufinder//mcu/cs/
2026-02-18 12:27:19,714 [INFO] ApplicationProperties:184 - Using Application install path: C:\ST\STM32CubeIDE_1.17.0\STM32CubeIDE\plugins\com.st.stm32cube.common.mx_6.13.0.202411220809
2026-02-18 12:27:19,715 [INFO] PluginManage:196 - Search for loadable plugins [exclusion list=, ]
2026-02-18 12:27:19,716 [INFO] PluginManage:310 - Check plugin analytics
2026-02-18 12:27:19,835 [INFO] AnalyticsPlugin:253 - Accepted Software Licenses: STM32CubeMX.6.13.0,STM32CubeMX.6.14.0
2026-02-18 12:27:19,836 [INFO] AnalyticsPlugin:255 - Accepted CMSIS Pack Licenses: 
2026-02-18 12:27:19,836 [INFO] AnalyticsPlugin:257 - Accepted Firmware Licenses: FW.F4.1.28.0,FW.WL.1.3.0,FW.H7.1.12.0
2026-02-18 12:27:19,837 [INFO] PluginManage:359 - Loaded plugin analytics (category:tool,tabindex:-1)
2026-02-18 12:27:19,837 [INFO] PluginManage:310 - Check plugin cadmodel
2026-02-18 12:27:19,899 [INFO] CADModel:105 - Init CAD model plugin
2026-02-18 12:27:19,900 [INFO] PluginManage:359 - Loaded plugin cadmodel (category:power,tabindex:5)
2026-02-18 12:27:19,900 [INFO] PluginManage:310 - Check plugin clock
2026-02-18 12:27:19,960 [INFO] PluginManage:359 - Loaded plugin clock (category:base,tabindex:2)
2026-02-18 12:27:19,960 [INFO] PluginManage:310 - Check plugin ddr
2026-02-18 12:27:19,964 [INFO] PluginManage:359 - Loaded plugin ddr (category:tool,tabindex:6)
2026-02-18 12:27:19,965 [INFO] PluginManage:310 - Check plugin filemanager
2026-02-18 12:27:20,077 [INFO] PluginManage:359 - Loaded plugin filemanager (category:base,tabindex:10)
2026-02-18 12:27:20,077 [INFO] PluginManage:310 - Check plugin ipmanager
2026-02-18 12:27:20,084 [INFO] PluginManage:359 - Loaded plugin ipmanager (category:base,tabindex:5)
2026-02-18 12:27:20,084 [INFO] PluginManage:310 - Check plugin lpbam
2026-02-18 12:27:20,135 [INFO] PluginManage:359 - Loaded plugin lpbam (category:base,tabindex:0)
2026-02-18 12:27:20,136 [INFO] PluginManage:310 - Check plugin memorymap
2026-02-18 12:27:20,193 [INFO] PluginManage:359 - Loaded plugin memorymap (category:base,tabindex:4)
2026-02-18 12:27:20,193 [INFO] PluginManage:310 - Check plugin pinoutandconfiguration
2026-02-18 12:27:20,241 [INFO] PluginManage:359 - Loaded plugin pinoutandconfiguration (category:base,tabindex:1)
2026-02-18 12:27:20,241 [INFO] PluginManage:310 - Check plugin pinoutconfig
2026-02-18 12:27:20,365 [WARN] SupportedApi:132 - Cannot load RTOS API schema: s4s-elt-must-match.1: The content of 'definitions' must match (annotation?, (simpleType | complexType)?, (unique | key | keyref)*)). A problem was found starting at: attribute.
2026-02-18 12:27:20,488 [INFO] PluginManage:359 - Loaded plugin pinoutconfig (category:base,tabindex:0)
2026-02-18 12:27:20,488 [INFO] PluginManage:310 - Check plugin power
2026-02-18 12:27:20,575 [INFO] PluginManage:359 - Loaded plugin power (category:power,tabindex:4)
2026-02-18 12:27:20,575 [INFO] PluginManage:310 - Check plugin projectmanager
2026-02-18 12:27:20,587 [INFO] PluginManage:359 - Loaded plugin projectmanager (category:projectmanager,tabindex:4)
2026-02-18 12:27:20,587 [INFO] PluginManage:310 - Check plugin rif
2026-02-18 12:27:20,635 [INFO] PluginManage:359 - Loaded plugin rif (category:base,tabindex:3)
2026-02-18 12:27:20,636 [INFO] PluginManage:310 - Check plugin thirdparty
2026-02-18 12:27:21,276 [WARN] IntegrityCheckThread:84 - waiting for thirdparty lock release [integrity check]
2026-02-18 12:27:21,277 [INFO] IntegrityCheckThread:86 - entering critical section [integrity check]
2026-02-18 12:27:21,277 [INFO] ThirdPartyUpdaterWithRetryManager:70 - Updater plugin not ready yet. [1/15]
2026-02-18 12:27:21,278 [INFO] PluginManage:359 - Loaded plugin thirdparty (category:base,tabindex:-1)
2026-02-18 12:27:21,278 [INFO] PluginManage:310 - Check plugin tools
2026-02-18 12:27:21,442 [INFO] PluginManage:359 - Loaded plugin tools (category:base,tabindex:7)
2026-02-18 12:27:21,442 [INFO] PluginManage:310 - Check plugin tutovideos
2026-02-18 12:27:21,725 [INFO] PluginManage:359 - Loaded plugin tutovideos (category:base,tabindex:-1)
2026-02-18 12:27:21,725 [INFO] PluginManage:310 - Check plugin updater
2026-02-18 12:27:21,746 [INFO] PluginManage:359 - Loaded plugin updater (category:base,tabindex:12)
2026-02-18 12:27:21,746 [INFO] PluginManage:310 - Check plugin userauth
2026-02-18 12:27:21,750 [INFO] UserAuth:118 - Init User Auth plugin
2026-02-18 12:27:21,750 [INFO] PluginManage:359 - Loaded plugin userauth (category:base,tabindex:14)
2026-02-18 12:27:21,751 [INFO] PluginManage:283 - PluginManage : Loaded plugins [18]
2026-02-18 12:27:21,960 [INFO] PinOutPanel:1589 - setPackage(No Configuration,No Configuration)
2026-02-18 12:27:22,033 [INFO] CADModel:165 - CPN selected for project level
2026-02-18 12:27:22,034 [INFO] CADModel:114 - Register for checkConnection events
2026-02-18 12:27:22,103 [INFO] IPUIPlugin:80 - create IPUIPlugin
2026-02-18 12:27:22,104 [INFO] PluginManager:220 - loadIPPluginJar : add adc
2026-02-18 12:27:22,273 [INFO] IPUIPlugin:80 - create IPUIPlugin
2026-02-18 12:27:22,273 [INFO] PluginManager:220 - loadIPPluginJar : add aes
2026-02-18 12:27:22,490 [INFO] IPUIPlugin:80 - create IPUIPlugin
2026-02-18 12:27:22,490 [INFO] PluginManager:220 - loadIPPluginJar : add can
2026-02-18 12:27:22,615 [INFO] IPUIPlugin:80 - create IPUIPlugin
2026-02-18 12:27:22,615 [INFO] PluginManager:220 - loadIPPluginJar : add comp
2026-02-18 12:27:22,777 [INFO] IPUIPlugin:80 - create IPUIPlugin
2026-02-18 12:27:22,777 [INFO] PluginManager:220 - loadIPPluginJar : add cryp
2026-02-18 12:27:22,840 [INFO] IPUIPlugin:80 - create IPUIPlugin
2026-02-18 12:27:22,840 [INFO] PluginManager:220 - loadIPPluginJar : add ddr_ctrl_phy
2026-02-18 12:27:22,984 [INFO] IPUIPlugin:80 - create IPUIPlugin
2026-02-18 12:27:22,984 [INFO] PluginManager:220 - loadIPPluginJar : add dfsdm
2026-02-18 12:27:23,031 [INFO] IPUIPlugin:80 - create IPUIPlugin
2026-02-18 12:27:23,032 [INFO] PluginManager:220 - loadIPPluginJar : add dma
2026-02-18 12:27:23,225 [INFO] IPUIPlugin:80 - create IPUIPlugin
2026-02-18 12:27:23,225 [INFO] PluginManager:220 - loadIPPluginJar : add dma3
2026-02-18 12:27:23,409 [INFO] IPUIPlugin:80 - create IPUIPlugin
2026-02-18 12:27:23,409 [INFO] PluginManager:220 - loadIPPluginJar : add extmemmanager
2026-02-18 12:27:23,490 [INFO] IPUIPlugin:80 - create IPUIPlugin
2026-02-18 12:27:23,490 [INFO] PluginManager:220 - loadIPPluginJar : add fatfs
2026-02-18 12:27:23,697 [INFO] IPUIPlugin:80 - create IPUIPlugin
2026-02-18 12:27:23,697 [INFO] PluginManager:220 - loadIPPluginJar : add fmc
2026-02-18 12:27:23,739 [INFO] IPUIPlugin:80 - create IPUIPlugin
2026-02-18 12:27:23,740 [INFO] PluginManager:220 - loadIPPluginJar : add freertos
2026-02-18 12:27:23,795 [INFO] IPUIPlugin:80 - create IPUIPlugin
2026-02-18 12:27:23,795 [INFO] PluginManager:220 - loadIPPluginJar : add genericplugin
2026-02-18 12:27:24,152 [INFO] IPUIPlugin:80 - create IPUIPlugin
2026-02-18 12:27:24,152 [INFO] PluginManager:220 - loadIPPluginJar : add gfxmmu
2026-02-18 12:27:24,279 [INFO] ThirdPartyUpdaterWithRetryManager:70 - Updater plugin not ready yet. [2/15]
2026-02-18 12:27:24,695 [INFO] IPUIPlugin:80 - create IPUIPlugin
2026-02-18 12:27:24,696 [INFO] PluginManager:220 - loadIPPluginJar : add gic
2026-02-18 12:27:24,766 [INFO] IPUIPlugin:80 - create IPUIPlugin
2026-02-18 12:27:24,766 [INFO] PluginManager:220 - loadIPPluginJar : add gpio
2026-02-18 12:27:25,182 [INFO] IPUIPlugin:80 - create IPUIPlugin
2026-02-18 12:27:25,182 [INFO] PluginManager:220 - loadIPPluginJar : add gtzc
2026-02-18 12:27:25,325 [INFO] IPUIPlugin:80 - create IPUIPlugin
2026-02-18 12:27:25,325 [INFO] PluginManager:220 - loadIPPluginJar : add hash
2026-02-18 12:27:25,484 [INFO] IPUIPlugin:80 - create IPUIPlugin
2026-02-18 12:27:25,484 [INFO] PluginManager:220 - loadIPPluginJar : add i2c
2026-02-18 12:27:25,678 [INFO] IPUIPlugin:80 - create IPUIPlugin
2026-02-18 12:27:25,678 [INFO] PluginManager:220 - loadIPPluginJar : add i2s
2026-02-18 12:27:25,865 [INFO] IPUIPlugin:80 - create IPUIPlugin
2026-02-18 12:27:25,866 [INFO] PluginManager:220 - loadIPPluginJar : add i3c
2026-02-18 12:27:26,325 [INFO] IPUIPlugin:80 - create IPUIPlugin
2026-02-18 12:27:26,325 [INFO] PluginManager:220 - loadIPPluginJar : add ipddr
2026-02-18 12:27:26,711 [INFO] IPUIPlugin:80 - create IPUIPlugin
2026-02-18 12:27:26,712 [INFO] PluginManager:220 - loadIPPluginJar : add linkedlist
2026-02-18 12:27:26,855 [INFO] IPUIPlugin:80 - create IPUIPlugin
2026-02-18 12:27:26,855 [INFO] PluginManager:220 - loadIPPluginJar : add lorawan
2026-02-18 12:27:27,033 [INFO] IPUIPlugin:80 - create IPUIPlugin
2026-02-18 12:27:27,033 [INFO] PluginManager:220 - loadIPPluginJar : add ltdc
2026-02-18 12:27:27,084 [INFO] IPUIPlugin:80 - create IPUIPlugin
2026-02-18 12:27:27,085 [INFO] PluginManager:220 - loadIPPluginJar : add mdma
2026-02-18 12:27:27,135 [INFO] IPUIPlugin:80 - create IPUIPlugin
2026-02-18 12:27:27,136 [INFO] PluginManager:220 - loadIPPluginJar : add nvic
2026-02-18 12:27:27,272 [INFO] IPUIPlugin:80 - create IPUIPlugin
2026-02-18 12:27:27,273 [INFO] PluginManager:220 - loadIPPluginJar : add opamp
2026-02-18 12:27:27,281 [INFO] ThirdPartyUpdaterWithRetryManager:70 - Updater plugin not ready yet. [3/15]
2026-02-18 12:27:27,535 [INFO] IPUIPlugin:80 - create IPUIPlugin
2026-02-18 12:27:27,536 [INFO] PluginManager:220 - loadIPPluginJar : add openamp
2026-02-18 12:27:27,723 [INFO] IPUIPlugin:80 - create IPUIPlugin
2026-02-18 12:27:27,723 [INFO] PluginManager:220 - loadIPPluginJar : add pdm2pcm
2026-02-18 12:27:27,774 [INFO] IPUIPlugin:80 - create IPUIPlugin
2026-02-18 12:27:27,776 [INFO] PluginManager:220 - loadIPPluginJar : add plateformsettings
2026-02-18 12:27:27,886 [INFO] IPUIPlugin:80 - create IPUIPlugin
2026-02-18 12:27:27,887 [INFO] PluginManager:220 - loadIPPluginJar : add quadspi
2026-02-18 12:27:27,985 [INFO] IPUIPlugin:80 - create IPUIPlugin
2026-02-18 12:27:27,986 [INFO] PluginManager:220 - loadIPPluginJar : add radio
2026-02-18 12:27:28,032 [INFO] IPUIPlugin:80 - create IPUIPlugin
2026-02-18 12:27:28,032 [INFO] PluginManager:220 - loadIPPluginJar : add resmgrutility
2026-02-18 12:27:28,245 [INFO] IPUIPlugin:80 - create IPUIPlugin
2026-02-18 12:27:28,245 [INFO] PluginManager:220 - loadIPPluginJar : add sai
2026-02-18 12:27:28,416 [INFO] IPUIPlugin:80 - create IPUIPlugin
2026-02-18 12:27:28,416 [INFO] PluginManager:220 - loadIPPluginJar : add spi
2026-02-18 12:27:28,722 [INFO] IPUIPlugin:80 - create IPUIPlugin
2026-02-18 12:27:28,723 [INFO] PluginManager:220 - loadIPPluginJar : add stm32_wpan
2026-02-18 12:27:28,806 [INFO] IPUIPlugin:80 - create IPUIPlugin
2026-02-18 12:27:28,806 [INFO] PluginManager:220 - loadIPPluginJar : add tim
2026-02-18 12:27:29,055 [INFO] IPUIPlugin:80 - create IPUIPlugin
2026-02-18 12:27:29,055 [INFO] PluginManager:220 - loadIPPluginJar : add touchsensing
2026-02-18 12:27:29,139 [INFO] IPUIPlugin:80 - create IPUIPlugin
2026-02-18 12:27:29,140 [INFO] PluginManager:220 - loadIPPluginJar : add tracer_emb
2026-02-18 12:27:29,251 [INFO] IPUIPlugin:80 - create IPUIPlugin
2026-02-18 12:27:29,252 [INFO] PluginManager:220 - loadIPPluginJar : add ts
2026-02-18 12:27:29,355 [INFO] IPUIPlugin:80 - create IPUIPlugin
2026-02-18 12:27:29,356 [INFO] PluginManager:220 - loadIPPluginJar : add tsc
2026-02-18 12:27:29,447 [INFO] IPUIPlugin:80 - create IPUIPlugin
2026-02-18 12:27:29,448 [INFO] PluginManager:220 - loadIPPluginJar : add ucpd
2026-02-18 12:27:29,641 [INFO] IPUIPlugin:80 - create IPUIPlugin
2026-02-18 12:27:29,642 [INFO] PluginManager:220 - loadIPPluginJar : add usart
2026-02-18 12:27:29,845 [INFO] IPUIPlugin:80 - create IPUIPlugin
2026-02-18 12:27:29,845 [INFO] PluginManager:220 - loadIPPluginJar : add usbx
2026-02-18 12:27:29,967 [FATAL] Updater:351 - Updater called before beeing initialized
2026-02-18 12:27:29,988 [INFO] RulesReader:64 - Compatibility file has been processed (297 Rules)
2026-02-18 12:27:29,993 [INFO] RulesReader:64 - Compatibility file has been processed (297 Rules)
2026-02-18 12:27:30,010 [INFO] CADModel:165 - CPN selected for project level
2026-02-18 12:27:30,010 [INFO] CADModel:114 - Register for checkConnection events
2026-02-18 12:27:30,010 [FATAL] Updater:351 - Updater called before beeing initialized
2026-02-18 12:27:30,010 [ERROR] CADModel:125 - Updater not yet initialized, retry later 
2026-02-18 12:27:30,156 [FATAL] Updater:351 - Updater called before beeing initialized
2026-02-18 12:27:30,161 [INFO] CADModel:165 - CPN selected for project level
2026-02-18 12:27:30,161 [INFO] CADModel:114 - Register for checkConnection events
2026-02-18 12:27:30,162 [FATAL] Updater:351 - Updater called before beeing initialized
2026-02-18 12:27:30,162 [ERROR] CADModel:125 - Updater not yet initialized, retry later 
2026-02-18 12:27:30,164 [FATAL] Updater:351 - Updater called before beeing initialized
2026-02-18 12:27:30,284 [INFO] ThirdPartyUpdaterWithRetryManager:70 - Updater plugin not ready yet. [4/15]
2026-02-18 12:27:30,287 [FATAL] Updater:351 - Updater called before beeing initialized
2026-02-18 12:27:30,307 [INFO] DbMcusAds:53 - JSON generation date=Tue Feb 10 17:46:36 IST 2026 (1770725796209)
2026-02-18 12:27:30,307 [FATAL] Updater:351 - Updater called before beeing initialized
2026-02-18 12:27:30,358 [WARN] DetailPanel:346 - Failed to get advertising image, set to default
2026-02-18 12:27:30,530 [FATAL] Updater:351 - Updater called before beeing initialized
2026-02-18 12:27:30,532 [FATAL] Updater:351 - Updater called before beeing initialized
2026-02-18 12:27:30,532 [FATAL] Updater:351 - Updater called before beeing initialized
2026-02-18 12:27:30,532 [WARN] DetailPanel:346 - Failed to get advertising image, set to default
2026-02-18 12:27:30,533 [FATAL] Updater:351 - Updater called before beeing initialized
2026-02-18 12:27:30,629 [ERROR] Updater:1198 - MainUpdater not yet initialized. External WinMGr cannot be set.
2026-02-18 12:27:30,671 [INFO] Updater:1134 - Updater Version found : 6.13.0
2026-02-18 12:27:30,691 [INFO] ApplicationProperties:184 - Using Application install path: C:\ST\STM32CubeIDE_1.17.0\STM32CubeIDE\plugins\com.st.stm32cube.common.mx_6.13.0.202411220809
2026-02-18 12:27:32,283 [ERROR] LogOutputStream:75 - [STDERR_REDIRECT] Feb 18, 2026 12:27:32 PM java.util.prefs.WindowsPreferences <init>
2026-02-18 12:27:32,284 [ERROR] LogOutputStream:75 - [STDERR_REDIRECT] WARNING: Could not open/create prefs root node Software\JavaSoft\Prefs at root 0xffffffff80000002. Windows RegCreateKeyEx(...) returned error code 5.
2026-02-18 12:27:32,284 [ERROR] LogOutputStream:75 - [STDERR_REDIRECT] 
2026-02-18 12:27:32,979 [INFO] MainUpdater:2872 - connection check result : 10
2026-02-18 12:27:32,980 [INFO] MainUpdater:289 - Updater Check For Update Now.
2026-02-18 12:27:32,981 [INFO] MicroXplorer:498 - Change Database Version : DB.6.0.130
2026-02-18 12:27:33,003 [INFO] McuFinderGlobals:63 - Set McuFinder mode to 2 (CubeIDE integrated)
2026-02-18 12:27:33,012 [INFO] UserAuth:486 - Internet connection configuration mode: 1
2026-02-18 12:27:33,074 [INFO] JxBrowserEngine:152 - Initiate JxBrowser Engine with user profile folder
2026-02-18 12:27:33,206 [INFO] CheckServerUpdateThread:120 - End of CheckServer Thread
2026-02-18 12:27:33,611 [WARN] PackLoader:240 - Cannot read IP mode file for STMicroelectronics.FP-SNS-MOTENVWB1.1.4.0
2026-02-18 12:27:33,729 [WARN] PackLoader:240 - Cannot read IP mode file for STMicroelectronics.FP-ATR-ASTRA1.2.0.2
2026-02-18 12:27:33,920 [WARN] PackLoader:240 - Cannot read IP mode file for STMicroelectronics.FP-ATR-ASTRA1.2.0.1
2026-02-18 12:27:33,952 [WARN] PackLoader:240 - Cannot read IP mode file for STMicroelectronics.X-CUBE-SMBUS.2.1.0
2026-02-18 12:27:33,979 [WARN] PackLoader:240 - Cannot read IP mode file for STMicroelectronics.X-CUBE-WB05N.1.1.0
2026-02-18 12:27:34,012 [WARN] PackLoader:240 - Cannot read IP mode file for STMicroelectronics.X-CUBE-ST60.1.0.0
2026-02-18 12:27:34,053 [WARN] PackLoader:240 - Cannot read IP mode file for STMicroelectronics.X-CUBE-AZRTOS-F7.1.1.0
2026-02-18 12:27:34,094 [ERROR] Engine:466 - C:\Users\Admin\.stm32cubemx\thirdparties\pdsc\STMicroelectronics.FP-SNS-MOTENV1.5.1.0.pdsc: PDSC version is not supported
2026-02-18 12:27:34,124 [WARN] PackLoader:240 - Cannot read IP mode file for STMicroelectronics.FP-SNS-FLIGHT1.5.0.2
2026-02-18 12:27:34,195 [WARN] PackLoader:240 - Cannot read IP mode file for Infineon.AIROC-Wi-Fi-Bluetooth-STM32.1.7.0
2026-02-18 12:27:34,369 [WARN] PackLoader:240 - Cannot read IP mode file for STMicroelectronics.X-CUBE-AZRTOS-H7.3.4.0
2026-02-18 12:27:34,415 [WARN] PackLoader:240 - Cannot read IP mode file for STMicroelectronics.X-CUBE-DISPLAY.3.0.0
2026-02-18 12:27:34,558 [WARN] PackLoader:240 - Cannot read IP mode file for STMicroelectronics.X-CUBE-BLE1.7.0.0
2026-02-18 12:27:34,595 [WARN] PackLoader:240 - Cannot read IP mode file for STMicroelectronics.X-CUBE-NFC10.1.0.0
2026-02-18 12:27:34,615 [WARN] PackLoader:240 - Cannot read IP mode file for STMicroelectronics.X-CUBE-BLEMGR.4.0.0
2026-02-18 12:27:34,651 [WARN] PackLoader:240 - Cannot read IP mode file for STMicroelectronics.X-CUBE-ST60.1.1.0
2026-02-18 12:27:34,693 [WARN] PackLoader:240 - Cannot read IP mode file for emotas.I-CUBE-CANOPEN.1.3.0
2026-02-18 12:27:34,728 [WARN] PackLoader:240 - Cannot read IP mode file for STMicroelectronics.X-CUBE-GNSS1.7.1.0
2026-02-18 12:27:34,766 [WARN] PackLoader:240 - Cannot read IP mode file for STMicroelectronics.X-CUBE-AI.10.0.0
2026-02-18 12:27:34,806 [ERROR] Engine:466 - C:\Users\Admin\.stm32cubemx\thirdparties\pdsc\STMicroelectronics.FP-SNS-STBOX1.2.1.0.pdsc: PDSC version is not supported
2026-02-18 12:27:34,844 [WARN] PackLoader:240 - Cannot read IP mode file for STMicroelectronics.FP-SNS-SMARTAG2.1.2.0
2026-02-18 12:27:34,894 [WARN] PackLoader:240 - Cannot read IP mode file for STMicroelectronics.FP-SNS-FLIGHT1.5.1.0
2026-02-18 12:27:34,967 [WARN] PackLoader:240 - Cannot read IP mode file for STMicroelectronics.X-CUBE-MEMS1.11.1.0
2026-02-18 12:27:35,138 [INFO] LogOutputStream:77 - [STDOUT_REDIRECT] 1 : Invalid condition id : UX_CORESTACK_Condition cause : null
2026-02-18 12:27:35,139 [INFO] LogOutputStream:77 - [STDOUT_REDIRECT] 1 : Invalid condition id : UX_CORESTACK_Condition cause : null
2026-02-18 12:27:35,140 [INFO] LogOutputStream:77 - [STDOUT_REDIRECT] 1 : Invalid condition id : UX_CORESTACK_Condition cause : null
2026-02-18 12:27:35,141 [INFO] LogOutputStream:77 - [STDOUT_REDIRECT] 1 : Invalid condition id : UX_CORESTACK_Condition cause : null
2026-02-18 12:27:35,142 [INFO] LogOutputStream:77 - [STDOUT_REDIRECT] 1 : Invalid condition id : UX_CORESTACK_Condition cause : null
2026-02-18 12:27:35,144 [WARN] PackLoader:240 - Cannot read IP mode file for STMicroelectronics.X-CUBE-AZRTOS-WL.2.0.0
2026-02-18 12:27:35,168 [WARN] PackLoader:240 - Cannot read IP mode file for STMicroelectronics.FP-SNS-MOTENV1.5.0.0
2026-02-18 12:27:35,254 [WARN] PackLoader:240 - Cannot read IP mode file for STMicroelectronics.X-CUBE-AZRTOS-H7RS.1.2.0
2026-02-18 12:27:35,290 [WARN] PackLoader:240 - Cannot read IP mode file for wolfSSL.I-CUBE-wolfMQTT.1.19.0
2026-02-18 12:27:35,328 [WARN] PackLoader:240 - Cannot read IP mode file for WES.I-CUBE-Cesium.1.3.0
2026-02-18 12:27:35,363 [WARN] PackLoader:240 - Cannot read IP mode file for STMicroelectronics.X-CUBE-BLE2.3.3.0
2026-02-18 12:27:35,409 [INFO] WebApp:168 - Instantiating new browser for Auth
2026-02-18 12:27:35,459 [WARN] PackLoader:240 - Cannot read IP mode file for STMicroelectronics.X-CUBE-NFC9.1.0.0
2026-02-18 12:27:35,505 [WARN] PackLoader:240 - Cannot read IP mode file for STMicroelectronics.X-CUBE-BLE1.7.1.0
2026-02-18 12:27:35,527 [ERROR] Engine:466 - C:\Users\Admin\.stm32cubemx\thirdparties\pdsc\STMicroelectronics.X-CUBE-FREERTOS.1.4.0.pdsc: PDSC version is not supported
2026-02-18 12:27:35,565 [WARN] PackLoader:240 - Cannot read IP mode file for STMicroelectronics.X-CUBE-EEPRMA1.5.2.0
2026-02-18 12:27:35,591 [ERROR] Engine:466 - C:\Users\Admin\.stm32cubemx\thirdparties\pdsc\STMicroelectronics.X-CUBE-ST67W61.1.1.0.pdsc: PDSC version is not supported
2026-02-18 12:27:35,622 [WARN] PackLoader:240 - Cannot read IP mode file for STMicroelectronics.X-CUBE-AI.10.1.0
2026-02-18 12:27:35,741 [WARN] PackLoader:240 - Cannot read IP mode file for STMicroelectronics.X-CUBE-MEMS1.12.0.0
2026-02-18 12:27:35,836 [WARN] PackLoader:240 - Cannot read IP mode file for STMicroelectronics.X-CUBE-MEMS1.11.2.0
2026-02-18 12:27:35,947 [WARN] PackLoader:240 - Cannot read IP mode file for STMicroelectronics.X-CUBE-AZRTOS-G0.1.1.0
2026-02-18 12:27:35,988 [WARN] PackLoader:240 - Cannot read IP mode file for STMicroelectronics.X-CUBE-SAFEA1.1.2.2
2026-02-18 12:27:36,021 [WARN] PackLoader:240 - Cannot read IP mode file for STMicroelectronics.X-CUBE-NFC4.3.0.0
2026-02-18 12:27:36,076 [WARN] PackLoader:240 - Cannot read IP mode file for EmbeddedOffice.I-CUBE-FS-RTOS.1.0.1
2026-02-18 12:27:36,113 [WARN] PackLoader:240 - Cannot read IP mode file for STMicroelectronics.X-CUBE-WB05N.2.0.0
2026-02-18 12:27:36,150 [WARN] PackLoader:240 - Cannot read IP mode file for STMicroelectronics.X-CUBE-TCPP.4.2.0
2026-02-18 12:27:36,184 [WARN] PackLoader:240 - Cannot read IP mode file for RealThread.X-CUBE-RT-Thread_Nano.4.1.1
2026-02-18 12:27:36,213 [WARN] PackLoader:240 - Cannot read IP mode file for STMicroelectronics.FP-ATR-SIGFOX1.3.2.0
2026-02-18 12:27:36,255 [WARN] ConditionMgr:438 - getConditionDescription Invalid condition id : Cortex-A Device cause : null
2026-02-18 12:27:36,306 [WARN] ConditionMgr:1044 - genDependencies : Invalid condition id : Cortex-A Device cause : null
2026-02-18 12:27:36,306 [WARN] ConditionMgr:1044 - genDependencies : Invalid condition id : Cortex-A Device cause : null
2026-02-18 12:27:36,306 [WARN] ConditionMgr:1044 - genDependencies : Invalid condition id : Cortex-A Device cause : null
2026-02-18 12:27:36,354 [WARN] PackLoader:240 - Cannot read IP mode file for STMicroelectronics.X-CUBE-EEPRMA1.5.1.0
2026-02-18 12:27:36,391 [WARN] PackLoader:240 - Cannot read IP mode file for wolfSSL.I-CUBE-wolfSSL.5.7.4
2026-02-18 12:27:36,408 [WARN] PackLoader:240 - Cannot read IP mode file for ITTIA_DB.I-CUBE-ITTIADB.8.9.0
2026-02-18 12:27:36,433 [WARN] PackLoader:240 - Cannot read IP mode file for STMicroelectronics.X-CUBE-NFC6.3.2.0
2026-02-18 12:27:36,462 [WARN] PackLoader:240 - Cannot read IP mode file for STMicroelectronics.X-CUBE-ST67W61.1.0.0
2026-02-18 12:27:36,489 [WARN] PackLoader:240 - Cannot read IP mode file for STMicroelectronics.X-CUBE-AI.10.2.0
2026-02-18 12:27:36,530 [WARN] PackLoader:240 - Cannot read IP mode file for SEGGER.I-CUBE-embOS.1.3.1
2026-02-18 12:27:36,588 [WARN] PackLoader:240 - Cannot read IP mode file for STMicroelectronics.X-CUBE-ALGOBUILD.1.4.0
2026-02-18 12:27:36,649 [WARN] PackLoader:240 - Cannot read IP mode file for STMicroelectronics.X-CUBE-MEMS1.11.3.0
2026-02-18 12:27:36,699 [WARN] PackLoader:240 - Cannot read IP mode file for STMicroelectronics.X-CUBE-AI.9.1.0
2026-02-18 12:27:36,716 [WARN] PackLoader:240 - Cannot read IP mode file for STMicroelectronics.X-CUBE-PM33A1.1.0.0
2026-02-18 12:27:36,759 [WARN] PackLoader:240 - Cannot read IP mode file for STMicroelectronics.X-CUBE-AZRTOS-F4.1.1.0
2026-02-18 12:27:36,796 [WARN] PackLoader:240 - Cannot read IP mode file for Avnet-IotConnect.X-CUBE-IoTC-DA16k-PMOD.1.0.0
2026-02-18 12:27:36,812 [WARN] PackLoader:240 - Cannot read IP mode file for STMicroelectronics.X-CUBE-ISPU.2.1.0
2026-02-18 12:27:36,844 [ERROR] Engine:466 - C:\Users\Admin\.stm32cubemx\thirdparties\pdsc\STMicroelectronics.X-CUBE-IPS.3.2.0.pdsc: PDSC version is not supported
2026-02-18 12:27:36,869 [WARN] PackLoader:240 - Cannot read IP mode file for STMicroelectronics.X-CUBE-NFC12.1.0.0
2026-02-18 12:27:36,941 [WARN] PackLoader:240 - Cannot read IP mode file for STMicroelectronics.X-CUBE-AZRTOS-L5.2.0.0
2026-02-18 12:27:36,946 [INFO] WebApp:449 - Apply proxy settings
2026-02-18 12:27:36,946 [INFO] WebApp:534 - Chromium requires no authentication
2026-02-18 12:27:36,987 [WARN] PackLoader:240 - Cannot read IP mode file for STMicroelectronics.X-CUBE-NFC6.3.1.0
2026-02-18 12:27:37,021 [WARN] PackLoader:240 - Cannot read IP mode file for STMicroelectronics.X-CUBE-DPower.1.2.0
2026-02-18 12:27:37,053 [INFO] WebApp:477 - Direct internet connection detected
2026-02-18 12:27:37,081 [WARN] PackLoader:240 - Cannot read IP mode file for STMicroelectronics.X-CUBE-FREERTOS.1.3.1
2026-02-18 12:27:37,118 [WARN] PackLoader:240 - Cannot read IP mode file for STMicroelectronics.X-CUBE-FREERTOS.1.3.0
2026-02-18 12:27:37,161 [WARN] PackLoader:240 - Cannot read IP mode file for STMicroelectronics.X-CUBE-NFC7.1.0.1
2026-02-18 12:27:37,205 [INFO] WebApp:880 - Register for checkConnection events
2026-02-18 12:27:37,206 [INFO] WebApp:449 - Apply proxy settings
2026-02-18 12:27:37,206 [INFO] WebApp:534 - Chromium requires no authentication
2026-02-18 12:27:37,206 [INFO] WebApp:477 - Direct internet connection detected
2026-02-18 12:27:37,209 [WARN] PackLoader:240 - Cannot read IP mode file for STMicroelectronics.X-CUBE-TOUCHGFX.4.26.0
2026-02-18 12:27:37,237 [WARN] PackLoader:240 - Cannot read IP mode file for STMicroelectronics.FP-SNS-STAIOTCFT.1.0.0
2026-02-18 12:27:37,270 [WARN] PackLoader:240 - Cannot read IP mode file for STMicroelectronics.X-CUBE-DPower.1.3.0
2026-02-18 12:27:37,347 [WARN] ConditionMgr:438 - getConditionDescription Invalid condition id : LAN8742 Phy interface Condition cause : null
2026-02-18 12:27:37,348 [WARN] PackLoader:240 - Cannot read IP mode file for STMicroelectronics.X-CUBE-AZRTOS-L4.2.0.0
2026-02-18 12:27:37,348 [WARN] ConditionMgr:1044 - genDependencies : Invalid condition id : LAN8742 Phy interface Condition cause : null
2026-02-18 12:27:37,348 [WARN] ConditionMgr:1044 - genDependencies : Invalid condition id : LAN8742 Phy interface Condition cause : null
2026-02-18 12:27:37,348 [WARN] ConditionMgr:1044 - genDependencies : Invalid condition id : LAN8742 Phy interface Condition cause : null
2026-02-18 12:27:37,390 [WARN] PackLoader:240 - Cannot read IP mode file for STMicroelectronics.X-CUBE-SFXS2LP1.4.0.0
2026-02-18 12:27:37,414 [ERROR] Engine:466 - C:\Users\Admin\.stm32cubemx\thirdparties\pdsc\STMicroelectronics.X-CUBE-ST67W61.1.2.0.pdsc: PDSC version is not supported
2026-02-18 12:27:37,471 [WARN] PackLoader:240 - Cannot read IP mode file for STMicroelectronics.X-CUBE-AZRTOS-H7.3.3.0
2026-02-18 12:27:37,507 [WARN] PackLoader:240 - Cannot read IP mode file for STMicroelectronics.X-CUBE-BLEMGR.4.1.0
2026-02-18 12:27:37,546 [WARN] PackLoader:240 - Cannot read IP mode file for STMicroelectronics.X-CUBE-IPS.3.0.0
2026-02-18 12:27:37,593 [WARN] ConditionMgr:438 - getConditionDescription Invalid condition id : UX DEVICE CLASS RTOS Condition cause : null
2026-02-18 12:27:37,593 [WARN] ConditionMgr:438 - getConditionDescription Invalid condition id : UX DEVICE CLASS RTOS Condition cause : null
2026-02-18 12:27:37,593 [WARN] PackLoader:240 - Cannot read IP mode file for STMicroelectronics.X-CUBE-AZRTOS-WB.2.0.0
2026-02-18 12:27:37,593 [WARN] ConditionMgr:1044 - genDependencies : Invalid condition id : UX DEVICE CLASS RTOS Condition cause : null
2026-02-18 12:27:37,593 [WARN] ConditionMgr:1044 - genDependencies : Invalid condition id : UX DEVICE CLASS RTOS Condition cause : null
2026-02-18 12:27:37,593 [WARN] ConditionMgr:1044 - genDependencies : Invalid condition id : UX DEVICE CLASS RTOS Condition cause : null
2026-02-18 12:27:37,594 [WARN] ConditionMgr:1044 - genDependencies : Invalid condition id : UX DEVICE CLASS RTOS Condition cause : null
2026-02-18 12:27:37,594 [WARN] ConditionMgr:1044 - genDependencies : Invalid condition id : UX DEVICE CLASS RTOS Condition cause : null
2026-02-18 12:27:37,648 [WARN] PackLoader:240 - Cannot read IP mode file for STMicroelectronics.X-CUBE-GNSS1.7.0.1
2026-02-18 12:27:37,679 [WARN] PackLoader:240 - Cannot read IP mode file for STMicroelectronics.X-CUBE-TOUCHGFX.4.25.0
2026-02-18 12:27:37,688 [INFO] WebApp:187 - Connection restablished
2026-02-18 12:27:37,708 [WARN] PackLoader:240 - Cannot read IP mode file for STMicroelectronics.FP-SNS-STBOX1.2.0.0
2026-02-18 12:27:37,770 [WARN] PackLoader:240 - Cannot read IP mode file for STMicroelectronics.X-CUBE-STSE01.2.0.0
2026-02-18 12:27:37,838 [WARN] PackLoader:240 - Cannot read IP mode file for STMicroelectronics.X-CUBE-SUBG2.5.0.0
2026-02-18 12:27:37,900 [WARN] PackLoader:240 - Cannot read IP mode file for STMicroelectronics.X-CUBE-AZRTOS-H7RS.1.1.0
2026-02-18 12:27:37,961 [WARN] PackLoader:240 - Cannot read IP mode file for Cesanta.I-CUBE-Mongoose.7.13.0
2026-02-18 12:27:38,030 [WARN] PackLoader:240 - Cannot read IP mode file for STMicroelectronics.X-CUBE-AZRTOS-G4.2.0.0
2026-02-18 12:27:38,063 [WARN] PackLoader:240 - Cannot read IP mode file for STMicroelectronics.X-CUBE-NFC7.2.0.0
2026-02-18 12:27:38,119 [WARN] PackLoader:240 - Cannot read IP mode file for STMicroelectronics.X-CUBE-IPS.3.1.0
2026-02-18 12:27:38,140 [WARN] PackLoader:240 - Cannot read IP mode file for STMicroelectronics.X-CUBE-ALS.1.0.2
2026-02-18 12:27:38,145 [INFO] WebApp:221 - Starting web application
2026-02-18 12:27:38,145 [INFO] WebApp:579 - Web application path used C:\ST\STM32CubeIDE_1.17.0\STM32CubeIDE\plugins\com.st.stm32cube.common.mx_6.13.0.202411220809\db\plugins\mcufinder\reactClient1\index.html
2026-02-18 12:27:38,166 [WARN] PackLoader:240 - Cannot read IP mode file for STMicroelectronics.X-CUBE-TOUCHGFX.4.24.2
2026-02-18 12:27:38,188 [WARN] PackLoader:240 - Cannot read IP mode file for STMicroelectronics.X-CUBE-TOUCHGFX.4.24.1
2026-02-18 12:27:38,205 [WARN] PackLoader:240 - Cannot read IP mode file for STMicroelectronics.X-CUBE-STSE01.1.0.0
2026-02-18 12:27:38,239 [WARN] PackLoader:240 - Cannot read IP mode file for wolfSSL.I-CUBE-wolfTPM.3.4.0
2026-02-18 12:27:38,269 [WARN] PackLoader:240 - Cannot read IP mode file for portGmbH.I-Cube-SoM-uGOAL.1.1.0
2026-02-18 12:27:38,318 [WARN] PackLoader:240 - Cannot read IP mode file for STMicroelectronics.X-CUBE-AZRTOS-H7RS.1.0.0
2026-02-18 12:27:38,333 [INFO] UserAuth:486 - Internet connection configuration mode: 1
2026-02-18 12:27:38,371 [WARN] PackLoader:240 - Cannot read IP mode file for STMicroelectronics.X-CUBE-TOF1.3.4.2
2026-02-18 12:27:38,415 [WARN] PackLoader:240 - Cannot read IP mode file for STMicroelectronics.X-CUBE-TOF1.3.4.3
2026-02-18 12:27:38,435 [WARN] PackLoader:240 - Cannot read IP mode file for wolfSSL.I-CUBE-wolfSSH.1.4.17
2026-02-18 12:27:38,436 [INFO] ThirdParty:978 - Integrity check success = true
2026-02-18 12:27:38,436 [INFO] IntegrityCheckThread:100 - exiting critical section [integrity check]
2026-02-18 12:27:38,436 [INFO] IntegrityCheckThread:103 - End integrity checks thread
2026-02-18 12:35:37,527 [INFO] WebApp:190 - Connection lost
2026-02-18 12:35:38,633 [INFO] WebApp:187 - Connection restablished
2026-02-18 18:18:33,715 [INFO] WebApp:190 - Connection lost
2026-02-18 18:30:44,563 [INFO] WebApp:187 - Connection restablished
2026-02-18 18:30:53,013 [INFO] WebApp:190 - Connection lost
2026-02-18 18:30:53,313 [INFO] WebApp:187 - Connection restablished
2026-02-18 18:31:05,662 [INFO] WebApp:190 - Connection lost
2026-02-18 18:31:15,725 [INFO] WebApp:187 - Connection restablished
2026-02-18 18:31:17,467 [INFO] WebApp:190 - Connection lost
2026-02-18 18:31:17,778 [INFO] WebApp:187 - Connection restablished
2026-02-18 18:33:01,528 [INFO] WebApp:190 - Connection lost
2026-02-18 18:33:01,960 [INFO] WebApp:187 - Connection restablished
2026-02-18 18:34:57,944 [ERROR] LogOutputStream:75 - [STDERR_REDIRECT] 
